// Jest Snapshot v1, https://goo.gl/fbAQLP

exports[`should render 404 component 1`] = `
<div>
  404!! - 
  <Link
    replace={false}
    to="/"
  >
    Back To Dashboard
  </Link>
</div>
`;
