// Jest Snapshot v1, https://goo.gl/fbAQLP

exports[`should render header component 1`] = `
<header
  className="header"
>
  <div
    className="container"
  >
    <div
      className="header__content"
    >
      <Link
        className="header__link"
        replace={false}
        to="/dashboard"
      >
        <h1
          className="header__link-text"
        >
          <span>
            X
          </span>
          pend
        </h1>
      </Link>
      <button
        className="button button--link"
        onClick={[Function]}
      >
        Sign Out
      </button>
    </div>
  </div>
</header>
`;
